#-----------------------------------------------------------
# Webtalk v2020.2 (64-bit)
# SW Build 3064766 on Wed Nov 18 09:12:47 MST 2020
# IP Build 3064653 on Wed Nov 18 14:17:31 MST 2020
# Start of session at: Wed Nov  3 16:30:23 2021
# Process ID: 11896
# Current directory: /home/alessio/Documents/Poli/Dottorato/progetti/snn/spiker/vhdl/mark0/sim/mux2to1_tb/mux2to1_tb.sim/sim_1/behav/xsim
# Command line: wbtcv -mode batch -source /home/alessio/Documents/Poli/Dottorato/progetti/snn/spiker/vhdl/mark0/sim/mux2to1_tb/mux2to1_tb.sim/sim_1/behav/xsim/xsim.dir/mux4to1_tb_behav/webtalk/xsim_webtalk.tcl -notrace
# Log file: /home/alessio/Documents/Poli/Dottorato/progetti/snn/spiker/vhdl/mark0/sim/mux2to1_tb/mux2to1_tb.sim/sim_1/behav/xsim/webtalk.log
# Journal file: /home/alessio/Documents/Poli/Dottorato/progetti/snn/spiker/vhdl/mark0/sim/mux2to1_tb/mux2to1_tb.sim/sim_1/behav/xsim/webtalk.jou
#-----------------------------------------------------------
source /home/alessio/Documents/Poli/Dottorato/progetti/snn/spiker/vhdl/mark0/sim/mux2to1_tb/mux2to1_tb.sim/sim_1/behav/xsim/xsim.dir/mux4to1_tb_behav/webtalk/xsim_webtalk.tcl -notrace
