#-----------------------------------------------------------
# Vivado v2020.2 (64-bit)
# SW Build 3064766 on Wed Nov 18 09:12:47 MST 2020
# IP Build 3064653 on Wed Nov 18 14:17:31 MST 2020
# Start of session at: Wed Nov  3 15:29:21 2021
# Process ID: 5426
# Current directory: /home/alessio/Documents/Poli/Dottorato/progetti/snn/spiker/vhdl/mark0/sim
# Command line: vivado
# Log file: /home/alessio/Documents/Poli/Dottorato/progetti/snn/spiker/vhdl/mark0/sim/vivado.log
# Journal file: /home/alessio/Documents/Poli/Dottorato/progetti/snn/spiker/vhdl/mark0/sim/vivado.jou
#-----------------------------------------------------------
start_gui
create_project mux2to1_tb /home/alessio/Documents/Poli/Dottorato/progetti/snn/spiker/vhdl/mark0/sim/mux2to1_tb -part xc7z010iclg225-1L
set_property target_language VHDL [current_project]
add_files -norecurse {/home/alessio/Documents/Poli/Dottorato/progetti/snn/spiker/vhdl/mark0/tb/mux2to1_tb.vhd /home/alessio/Documents/Poli/Dottorato/progetti/snn/spiker/vhdl/mark0/vhd/mux2to1.vhd}
update_compile_order -fileset sources_1
launch_simulation
source mux2to1_tb.tcl
close_sim
launch_simulation
source mux2to1_tb.tcl
close_sim
export_ip_user_files -of_objects  [get_files /home/alessio/Documents/Poli/Dottorato/progetti/snn/spiker/vhdl/mark0/tb/mux2to1_tb.vhd] -no_script -reset -force -quiet
remove_files  /home/alessio/Documents/Poli/Dottorato/progetti/snn/spiker/vhdl/mark0/tb/mux2to1_tb.vhd
export_ip_user_files -of_objects  [get_files /home/alessio/Documents/Poli/Dottorato/progetti/snn/spiker/vhdl/mark0/vhd/mux2to1.vhd] -no_script -reset -force -quiet
remove_files  /home/alessio/Documents/Poli/Dottorato/progetti/snn/spiker/vhdl/mark0/vhd/mux2to1.vhd
add_files -norecurse {/home/alessio/Documents/Poli/Dottorato/progetti/snn/spiker/vhdl/mark0/tb/reg_tb.vhd /home/alessio/Documents/Poli/Dottorato/progetti/snn/spiker/vhdl/mark0/vhd/reg.vhd}
update_compile_order -fileset sources_1
launch_simulation
source reg_tb.tcl
close_sim
launch_simulation
source reg_tb.tcl
close_sim
export_ip_user_files -of_objects  [get_files /home/alessio/Documents/Poli/Dottorato/progetti/snn/spiker/vhdl/mark0/tb/reg_tb.vhd] -no_script -reset -force -quiet
export_ip_user_files -of_objects  [get_files /home/alessio/Documents/Poli/Dottorato/progetti/snn/spiker/vhdl/mark0/vhd/reg.vhd] -no_script -reset -force -quiet
remove_files  {/home/alessio/Documents/Poli/Dottorato/progetti/snn/spiker/vhdl/mark0/tb/reg_tb.vhd /home/alessio/Documents/Poli/Dottorato/progetti/snn/spiker/vhdl/mark0/vhd/reg.vhd}
add_files -norecurse {/home/alessio/Documents/Poli/Dottorato/progetti/snn/spiker/vhdl/mark0/vhd/mux4to1.vhd /home/alessio/Documents/Poli/Dottorato/progetti/snn/spiker/vhdl/mark0/tb/mux4to1_tb.vhd}
launch_simulation
launch_simulation
launch_simulation
source mux4to1_tb.tcl
close_sim
export_ip_user_files -of_objects  [get_files /home/alessio/Documents/Poli/Dottorato/progetti/snn/spiker/vhdl/mark0/tb/mux4to1_tb.vhd] -no_script -reset -force -quiet
export_ip_user_files -of_objects  [get_files /home/alessio/Documents/Poli/Dottorato/progetti/snn/spiker/vhdl/mark0/vhd/mux4to1.vhd] -no_script -reset -force -quiet
remove_files  {/home/alessio/Documents/Poli/Dottorato/progetti/snn/spiker/vhdl/mark0/tb/mux4to1_tb.vhd /home/alessio/Documents/Poli/Dottorato/progetti/snn/spiker/vhdl/mark0/vhd/mux4to1.vhd}
add_files -norecurse {/home/alessio/Documents/Poli/Dottorato/progetti/snn/spiker/vhdl/mark0/tb/mux2to1_tb.vhd /home/alessio/Documents/Poli/Dottorato/progetti/snn/spiker/vhdl/mark0/vhd/mux2to1.vhd}
update_compile_order -fileset sources_1
launch_simulation
source mux2to1_tb.tcl
close_sim
export_ip_user_files -of_objects  [get_files /home/alessio/Documents/Poli/Dottorato/progetti/snn/spiker/vhdl/mark0/vhd/mux2to1.vhd] -no_script -reset -force -quiet
export_ip_user_files -of_objects  [get_files /home/alessio/Documents/Poli/Dottorato/progetti/snn/spiker/vhdl/mark0/tb/mux2to1_tb.vhd] -no_script -reset -force -quiet
remove_files  {/home/alessio/Documents/Poli/Dottorato/progetti/snn/spiker/vhdl/mark0/vhd/mux2to1.vhd /home/alessio/Documents/Poli/Dottorato/progetti/snn/spiker/vhdl/mark0/tb/mux2to1_tb.vhd}
add_files -norecurse {/home/alessio/Documents/Poli/Dottorato/progetti/snn/spiker/vhdl/mark0/vhd/cmp_gt.vhd /home/alessio/Documents/Poli/Dottorato/progetti/snn/spiker/vhdl/mark0/tb/cmp_gt_tb.vhd}
launch_simulation
launch_simulation
source cmp_gt_tb.tcl
close_sim
export_ip_user_files -of_objects  [get_files /home/alessio/Documents/Poli/Dottorato/progetti/snn/spiker/vhdl/mark0/tb/cmp_gt_tb.vhd] -no_script -reset -force -quiet
export_ip_user_files -of_objects  [get_files /home/alessio/Documents/Poli/Dottorato/progetti/snn/spiker/vhdl/mark0/vhd/cmp_gt.vhd] -no_script -reset -force -quiet
remove_files  {/home/alessio/Documents/Poli/Dottorato/progetti/snn/spiker/vhdl/mark0/tb/cmp_gt_tb.vhd /home/alessio/Documents/Poli/Dottorato/progetti/snn/spiker/vhdl/mark0/vhd/cmp_gt.vhd}
add_files -norecurse {/home/alessio/Documents/Poli/Dottorato/progetti/snn/spiker/vhdl/mark0/tb/add_sub_tb.vhd /home/alessio/Documents/Poli/Dottorato/progetti/snn/spiker/vhdl/mark0/vhd/add_sub.vhd}
update_compile_order -fileset sources_1
launch_simulation
source add_sub_tb.tcl
close_sim
launch_simulation
source add_sub_tb.tcl
relaunch_sim
